   ---   32   cards of disk file read into card cache cells  1   onward.
 <===> Done with  "/"-card sorting by data class.    Remember that the source file appears different from interpreted input data.
Alternative Transients Program (ATP), Salford 80386 translation.  All rights reserved by Can/Am user group of Portland, Oregon, USA.
 Date (dd-mth-yy) and time of day (hh.mm.ss) = 25-Aug-26  08:39:40    Name of disk plot file is  TEMP_CASE.pl4
Consult the 860-page ATP Rule Book of the Can/Am EMTP User Group in Portland,  Oregon, USA.  Source code date is 13 March 2019.
Size of LABCOM tables = 75048 Kilobytes.  VARDIM List Sizes follow:   6002  10K  192K  20K  420K  50K  15K
  120K  2250  3800  720  2K  72800  510  800K  800  90  254  800K  100K  3K  15K  192K  120  45K  260K  10K  210K  1100  19  200K
--------------------------------------------------+--------------------------------------------------------------------------------
Descriptive interpretation of input data cards.   |  Input data card images are shown below, all 80 columns, character by character
                                                  0         1         2         3         4         5         6         7         8
                                                  012345678901234567890123456789012345678901234567890123456789012345678901234567890
--------------------------------------------------+--------------------------------------------------------------------------------
Comment card.   Card index = 1.                   |C data:TEMP_CASE.ATP
Marker card preceding new EMTP data case.         |BEGIN NEW DATA CASE
Comment card.   Card index = 3.                   |C  ATP Case File for scenario_0_q3_fault_fault
New power frequency  STATFR = 5.00000000E+01 Hz.  |POWER FREQUENCY                      50.
Comment card.   Card index = 5.                   |C $DUMMY, XYZ000
Comment card.   Card index = 6.                   |C  dT  >< Tmax >< Xopt >< Copt ><Epsiln>
Misc. data.     1.000E-04   1.000E-01   5.000E+01 |   1.E-4    0.1     50.     50.
Misc. data.   1000    1  1  1  1  0  0  1  0  0   |    1000       1       1       1       1       0       0       1       0
Comment card.   Card index = 9.                   |C < n1 >< n2 ><ref1><ref2>< R  >< L  >< C  >
Series R-L-C.   1.000E+08  0.000E+00  0.000E+00   |  SRCA                      1.E8                                               0
Series R-L-C.   1.000E+08  0.000E+00  0.000E+00   |  SRCB                      1.E8                                               0
Series R-L-C.   1.000E+08  0.000E+00  0.000E+00   |  SRCC                      1.E8                                               0
Series R-L-C.   5.000E-01  3.183E-05  0.000E+00   |  S0A                       0.5000   10.0000    0.8000
Series R-L-C.   5.000E-01  3.183E-05  0.000E+00   |  S0B                       0.5000   10.0000    0.8000
Series R-L-C.   5.000E-01  3.183E-05  0.000E+00   |  S0C                       0.5000   10.0000    0.8000
Blank card ending branches.  IBR, NTOT = 6  7     |BLANK BRANCH
Comment card.   Card index = 17.                  |C < n 1>< n 2>< Tclose ><Top/Tde ><   Ie   ><Vf/CLOP ><  type  >
Switch.   0.00E+00  2.00E+02  1.00E+03  0.00E+00  |  SRCA  S0A           0.0200      1.E3
Switch.   0.00E+00  2.00E+02  1.00E+03  0.00E+00  |  SRCB  S0B           0.0200      1.E3
Switch.   0.00E+00  2.00E+02  1.00E+03  0.00E+00  |  SRCC  S0C           0.0200      1.E3
Blank card ending switches.   KSWTCH = 3.         |BLANK SWITCH
Comment card.   Card index = 22.                  |C < n 1><>< Ampl.  >< Freq.  ><Phase/T0><   A1   ><   T1   >< TSTART >< TSTOP  >
Source.   3.10E+02  5.00E+01 -9.24E+01 -1.00E+00  |14SRCA  -1    310.31     50.00    -92.41                         -1.00    100.00
Source.   2.24E+02  5.00E+01  1.72E+02 -1.00E+00  |14SRCB  -1    223.76     50.00    171.58                         -1.00    100.00
Source.   3.36E+02  5.00E+01  5.85E+01 -1.00E+00  |14SRCC  -1    335.64     50.00     58.45                         -1.00    100.00
Blank card ends electric sources.  KCONST = 3     |BLANK SOURCE

List of input elements that are connected to each node.   Only the physical connections of multi-phase lines are shown (capacitive
and inductive coupling are ignored).   Repeated entries indicate parallel connections.   Switches are included,  although sources
(including rotating machinery) are omitted -- except that U.M. usage produces extra,  internally-defined nodes  "UMXXXX".
--------------+------------------------------
From bus name |  Names of all adjacent busses.
--------------+------------------------------
       SRCA   |TERRA *S0A   *
       SRCB   |TERRA *S0B   *
       SRCC   |TERRA *S0C   *
       S0A    |TERRA *SRCA  *
       S0B    |TERRA *SRCB  *
       S0C    |TERRA *SRCC  *
       TERRA  |SRCA  *SRCB  *SRCC  *S0A   *S0B   *S0C   *
       ------ |------------------------------------------

Sinusoidal steady-state phasor solution, branch by branch.   All flows are away from a bus,  and the real part,  magnitude,  or  "P"
is printed above the imaginary part,  the angle,  or  "Q".   The first solution frequency  =  5.00000000E+01  Hertz.
  Bus K                        Phasor  node  voltage              Phasor  branch  current               Power flow       Power loss
             Bus M         Rectangular            Polar          Rectangular            Polar            P  and  Q        P  and  Q

 SRCA                 -.1304854572E10        .31031E11      -13.04854571562           310.31       .4814614805E13   .4814614805E13
                      -.3100355327E11      -92.4100000      -310.0355327292      -92.4100000      .87916851044E-5        0.0000088

            TERRA                 0.0              0.0      13.048545715617           310.31                  0.0
                                  0.0              0.0      310.03553272925       87.5900000                  0.0

 SRCB                 -.2213481536E11        .22376E11      -221.3481536346           223.76        .250342688E13    .250342688E13
                      .32764805547E10      171.5800000      32.764805547185      171.5800000      .25421380997E-4        0.0000254

            TERRA                 0.0              0.0      221.34815363462           223.76                  0.0
                                  0.0              0.0      -32.76480554718       -8.4200000                  0.0

 SRCC                 .17562109074E11        .33564E11      175.62109074208           335.64        .563271048E13    .563271048E13
                      .28602699538E11       58.4500000      286.02699538079       58.4500000      -.1077651978E-3       -0.0001078

            TERRA                 0.0              0.0      -175.6210907421           335.64                  0.0
                                  0.0              0.0      -286.0269953808     -121.5500000                  0.0

     Total network loss  P-loss  by summing injections =   1.295075216500E+13

Output for steady-state phasor switch currents.
      Node-K    Node-M            I-real            I-imag            I-magn          Degrees        Power            Reactive
    SRCA       S0A              T-close  at  t=0+          T-close  at  t=0+          T-close  at  t=0+
    SRCB       S0B              T-close  at  t=0+          T-close  at  t=0+          T-close  at  t=0+
    SRCC       S0C              T-close  at  t=0+          T-close  at  t=0+          T-close  at  t=0+

Solution at nodes with known voltage.   Nodes that are shorted together by switches are shown as a group of names, with the printed
result applying to the composite group.   The entry "MVA" is  SQRT( P**2 + Q**2 )  in units of power,  while  "P.F."  is the
associated power factor.
              Node                Source  node  voltage             Injected  source  current              Injected  source  power
              name         Rectangular            Polar          Rectangular            Polar            P  and  Q    MVA and P.F.

Blank card ending requests for output variables.  |BLANK OUTPUT

Column headings for the  0   EMTP output variables follow.  These are divided among the 5 possible classes as follows ....
 ***                    Switch  "SRCA  "  to  "S0A   "  closed  after  0.00000000E+00  sec.
 ***                    Switch  "SRCB  "  to  "S0B   "  closed  after  0.00000000E+00  sec.
 ***                    Switch  "SRCC  "  to  "S0C   "  closed  after  0.00000000E+00  sec.

------------------------------------------------------------------------------------------------------------------------------------
ERROR/ERROR/ERROR/ERROR/ERROR/ERROR/ERROR/ERROR/ERROR/ERROR/ERROR/ERROR/ERROR/ERROR/ERROR/ERROR/ERROR/ERROR/ERROR/ERROR/ERROR/ERROR/
ERROR/ERROR/ERROR/ERROR/ERROR/ERROR/ERROR/ERROR/ERROR/ERROR/ERROR/ERROR/ERROR/ERROR/ERROR/ERROR/ERROR/ERROR/ERROR/ERROR/ERROR/ERROR/
------------------------------------------------------------------------------------------------------------------------------------
You lose, fella.   The EMTP logic has detected an error condition, and is now going to terminate program execution.  The following
message summarizes the circumstances leading to this situation.  Where an otherwise-unidentified data card is referred to, or where
the "last" card is mentioned, it is the most recently read card of the input data that is meant.  The 80-column image of this card
is generally the last one printed out prior to this termination message.  But possibly this last-read card has not yet been
displayed, so a copy follows:
 "                                                                                "
              KILL code number                Overlay number               Nearby statement number
                         44                         18                               1643
KILL = 44.   The user apparently forgot to request one or more output variables,  so that if the simulation were allowed to
continue, there would be no printed or plotted output.  Such degenerate usage of the computer will not be allowed.
------------------------------------------------------------------------------------------------------------------------------------
ERROR/ERROR/ERROR/ERROR/ERROR/ERROR/ERROR/ERROR/ERROR/ERROR/ERROR/ERROR/ERROR/ERROR/ERROR/ERROR/ERROR/ERROR/ERROR/ERROR/ERROR/ERROR/
ERROR/ERROR/ERROR/ERROR/ERROR/ERROR/ERROR/ERROR/ERROR/ERROR/ERROR/ERROR/ERROR/ERROR/ERROR/ERROR/ERROR/ERROR/ERROR/ERROR/ERROR/ERROR/
------------------------------------------------------------------------------------------------------------------------------------

Memory storage figures for the preceding, now-completed data case.  -------------------------------  Present   Program
A value of  "-9999"  indicates that no figure is available.         25-Aug-26  08:39:40              figure    limit  ( name )
     Size List 1.   Number of electric network nodes.                                                    7      6000  (LBUS  )
     Size List 2.   Number of electric network branches.                                                 6     10000  (LBRNCH)
     Size List 3.   Number of data values in R, L, C tables.                                             6      192K  (LDATA )
     Size List 4.   Number of electric network sources.                                                  3     20000  (LEXCT )
     Size List 5.   Storage for [Y] & triangularized [Y].  No. times = 1   Factors = 3                   9      420K  (LYMAT )
     Size List 6.   Number of entries in switch table.                  No. flops = 3                    3     50000  (LSWTCH)
     Size List 7.   Number of distinct ALPHANUMERIC data names plus program SPY variables.              12     15000  (LSIZE7)
     Size List 8.   History points of distributed lines.                                                 0      120K  (LPAST )
     Size List 9.   Number of nonlinear elements.                                                        0      2250  (LNONL )
     Size List 10.  Points of nonlinear characteristics.                                                 0      3800  (LCHAR )
     Size List 11.  Number of Type-59 S.M. outputs.                                                      0       720  (LSMOUT)
     Size List 12.  Total number of EMTP output variables.                                               0      2000  (LSIZ12)
     Size List 13.  Working space for batch/SPY plotting.                                            -9999     72800  (LSIZ13)
     Size List 14.  S.M./U.M. connections to TACS.                                                   -9999       510  (LBSTAC)
     Size List 15.  Character storage in bytes for MODELS.                                           -9999      800K  (LCTACS)
     Size List 16.  Total number of Type-59 S.M. masses.                                                 0       800  (LIMASS)
     Size List 17.  Number of Type-59 Synchronous machines.                                              0        90  (LSYN  )
     Size List 18.  Branch and switch power/energy outputs.                                              0       254  (MAXPE )
     Size List 19.  Total floating-point TACS table space.                                              23      800K  (LTACST)
     Size List 20.  Non-copied recursive convolution data plus SEEK of MODELS.                           0      100K  (LFSEM )
     Size List 21.  Total modal/phase [T] matrix storage.                                                0      3000  (LFD   )
     Size List 22.  Total recursive convolution history.                                                 0     15000  (LHIST )
     Size List 23.  Giant vectors for renumbering, phasors;  also extrema accumulation.                  6      192K  (LSIZ23)
     Size List 24.  Peak phases of compensation for data.                                                0       120  (LCOMP )
     Size List 25.  Total table space for all U.M usage.                                             -9999     45000  (LSPCUM)
     Size List 26.  Square of max number of coupled phases.                                              0      260K  (LSIZ26)
     Size List 27.  Maximum number of MODELS top variables.                                          -9999     10000  (LSIZ27)
     Size List 28.  MODELS.  Total work space is divided into INTEGER and REAL.  1st, REAL:          -9999      210K  (LRTACS)
                             Second  and last,  statistics for INTEGER work space.                       0         0  (LITACS)
     Size List 29.  RAM disk used by "TAPSAV" table saving (limit is "LABCOM" size LTLABL).          -9999      1100  (LSIZ29)
     Size List 30.  Number of "ULM line" or "Noda line" or "User line" circuits.                         0        60  (LSIZ30)
     Size List 31.  Limit on # of data cards stored in RAM.                                          -9999    200002  (LSIZ31)
     Size List 32.  4 integer vectors of pocket calculator.                                          -9999       600  (LSIZ32)
     Size List 33.  Extension to List-15 supports MS Excel.                                          -9999  21066176  (LSIZ33)
Timing figures characterizing central processor (CP) solution speed.  ----------------------------   CP sec  Wait sec  Real sec
     Data input time (through blank card ending branches) ....                                       0.020     0.000     0.020
     Node renumbering and phasor solution  ....                                                      0.000     0.000     0.000
     After phasor solution, but before time-step loop  ....                                          0.000     0.000     0.000
     Integration of equations (time-step loop)  ....                                                 0.000     0.000     0.000
     Plotting or STATISTICS termination overlays ....                                                0.000     0.000     0.000
                                                                                                    ---------------------------
                                                                                          Totals      0.020     0.000     0.020
